ciprof: procs visible: (sd-pam), ModemManager, NetworkManager, abrt-dump-journ, abrtd, agetty, at-spi-bus-laun, atd, auditd, bash, bluetoothd, card0-crtc0, card0-crtc1, card0-crtc2, claude, containerd, cpuhp/0, cpuhp/1, cpuhp/2, cpuhp/3, crond, dbus-broker, dbus-broker-lau, dirmngr, dockerd, firewalld, fusermount3, fwupd, gpg-agent, gssproxy, hwrng, idle_inject/0, idle_inject/1, idle_inject/2, idle_inject/3, interactive-yee, irq/134-mei_me, irq/135-iwlwifi, irq/136-iwlwifi, irq/137-iwlwifi, irq/138-iwlwifi, irq/139-iwlwifi, irq/140-iwlwifi, irq/16-mmc0, irq/16-processor_thermal_device_pci, irq/9-acpi, irqbalance, kauditd, kcompactd0, kdevtmpfs, keyboxd, khugepaged, ksmd, ksoftirqd/0, ksoftirqd/1, ksoftirqd/2, ksoftirqd/3, kswapd0, kthreadd, kworker/0, kworker/1, kworker/2, kworker/3, kworker/R-acpi_thermal_pm, kworker/R-ata_sff, kworker/R-blkcg_punt_bio, kworker/R-cfg80211, kworker/R-cryptd, kworker/R-devfreq_wq, kworker/R-dm_bufio_cache, kworker/R-edac-poller, kworker/R-inet_frag_wq, kworker/R-ipv6_addrconf, kworker/R-kaluad, kworker/R-kblockd, kworker/R-kdmflush/252, kworker/R-kintegrityd, kworker/R-kmpath_handlerd, kworker/R-kmpath_rdacd, kworker/R-kmpathd, kworker/R-kstrp, kworker/R-kthrotld, kworker/R-kvfree_rcu_reclaim, kworker/R-md, kworker/R-md_bitmap, kworker/R-mld, kworker/R-mm_percpu_wq, kworker/R-mmc_complete, kworker/R-netns, kworker/R-rcu_gp, kworker/R-rpciod, kworker/R-sdhci, kworker/R-slub_flushwq, kworker/R-sync_wq, kworker/R-tpm_dev_wq, kworker/R-ttm, kworker/R-writeback, kworker/R-xfs-blockgc/dm-0, kworker/R-xfs-blockgc/mmcblk0p2, kworker/R-xfs-buf/dm-0, kworker/R-xfs-buf/mmcblk0p2, kworker/R-xfs-cil/dm-0, kworker/R-xfs-cil/mmcblk0p2, kworker/R-xfs-conv/dm-0, kworker/R-xfs-conv/mmcblk0p2, kworker/R-xfs-inodegc/dm-0, kworker/R-xfs-inodegc/mmcblk0p2, kworker/R-xfs-log/dm-0, kworker/R-xfs-log/mmcblk0p2, kworker/R-xfs-reclaim/dm-0, kworker/R-xfs-reclaim/mmcblk0p2, kworker/R-xfs_mru_cache, kworker/R-xfsalloc, kworker/R-xprtiod, kworker/u16, kworker/u17, mcelog, migration/0, migration/1, migration/2, migration/3, node, node-22, nvim, oom_reaper, polkitd, pool_workqueue_release, psimon, python3, rcu_exp_gp_kthread_worker, rcu_exp_par_gp_kthread_worker/0, rcu_preempt, rcu_tasks_kthread, rcu_tasks_rude_kthread, rcu_tasks_trace_kthread, rsyslogd, rtkit-daemon, scdaemon, sedispatch, sleep, sm-agent, smartd, sshd, sshd-session, sudo, systemd, systemd-homed, systemd-journal, systemd-logind, systemd-oomd, systemd-resolve, systemd-udevd, systemd-userdbd, systemd-userwor, tailscaled, tmux, udisksd, upowerd, watchdogd, wpa_supplicant, xdg-desktop-por, xdg-document-po, xdg-permission-, xfsaild/dm-0, xfsaild/mmcblk0p2, yeet, yeetd
ciprof: runner PID not found — attributing all events to a single job step
ciprof: BPF probes loaded, collecting events
